// Jest Snapshot v1, https://goo.gl/fbAQLP

exports[`renders without crashing and matches snapshot 1`] = `
<div
  class="flex_jro6t0-o_O-flexDirectionColumn_1jtvojh-o_O-container_ra7z6c"
>
  <div
    class="flexGrow1_t0tx82-o_O-flexShrink0_fz3zdn-o_O-mainContentContainer_e296pg"
  >
    <div
      class="p0_3js4c0"
    >
      Dashboard
    </div>
  </div>
</div>
`;
