// Jest Snapshot v1, https://goo.gl/fbAQLP

exports[`renders without crashing and matches snapshot 1`] = `
<div
  class="p5_1x929gn-o_O-pt3_1gv8f73-o_O-flex_jro6t0-o_O-flexDirectionColumn_1jtvojh-o_O-width100_zdxht7-o_O-container_1hoplq"
>
  <div
    class="flex_jro6t0-o_O-flexDirectionRow_qb00m9-o_O-alignItemsCenter_1moixrt-o_O-width100_zdxht7-o_O-navbar_1u75k1v"
  >
    <h2
      class="textTransformUppercase_4efw5a"
    >
      PKS Wallet
    </h2>
    <div
      class="flex_jro6t0-o_O-flexDirectionRow_qb00m9-o_O-alignItemsCenter_1moixrt-o_O-height100_1yfus1e-o_O-pullRight_ls0e43"
    >
      <div
        class="mr4_kh8dwt-o_O-fontSize1_3kvou9-o_O-hidden_1u9fru1-o_O-notifications_e296pg"
      >
        <span
          class="lnr lnr-alarm"
        >
          
        </span>
        <div
          class="notificationCounterWrap_1k9zd85"
        >
          <div
            class="flex_jro6t0-o_O-alignItemsCenter_1moixrt-o_O-justifyContentCenter_agrn11-o_O-notificationCounter_1xicdc3"
          >
            5
          </div>
        </div>
      </div>
      <div
        class="hidden_1u9fru1-o_O-separator_xrxmxy"
      >
        
      </div>
      <div
        class="ml4_1pgo4wm-o_O-flex_jro6t0-o_O-flexDirectionColumn_1jtvojh-o_O-alignItemsFlexEnd_1f2mvon"
      >
        <div
          class="textTransformUppercase_4efw5a-o_O-deviceName_1pe4kle"
        >
          Trezor Label
        </div>
        <div
          class="textTransformUppercase_4efw5a-o_O-deviceStatus_1wddarm"
        >
          connected
        </div>
      </div>
      <div
        class="flex_jro6t0-o_O-alignItemsCenter_1moixrt-o_O-justifyContentCenter_agrn11-o_O-px2_6ebohg-o_O-ml1_1dn7v29-o_O-height100_1yfus1e-o_O-cursorPointer_13xlah4-o_O-dropdownButton_1w6iw80"
      >
        <span
          class="lnr lnr-chevron-down icon_ko4whp"
        >
          
        </span>
      </div>
    </div>
  </div>
  <div
    class="pb3_1a70m23-o_O-content_14ddvtv"
  >
    
  </div>
</div>
`;
